// Jest Snapshot v1, https://goo.gl/fbAQLP

exports[`renders homepage unchanged 1`] = `
<div>
  <main>
    <h1
      class="hidden"
    >
      __test__
    </h1>
    <div
      class="mx-2 sm:container"
    >
      <div
        class="p-2 sm:p-3 m-4 sm:my-8 mx-0 px-6 sm:px-12 bg-primary text-white rounded-xl flex justify-between items-center"
      >
        <h2
          class="font-bold"
        >
          üê∏ Sillyfrog
        </h2>
        <div>
          <li
            class="list-none"
          >
            <ul>
              <a
                class="inline-flex items-center justify-center whitespace-nowrap rounded-md text-sm font-medium ring-offset-background transition-colors focus-visible:outline-none focus-visible:ring-2 focus-visible:ring-ring focus-visible:ring-offset-2 disabled:pointer-events-none disabled:opacity-50 hover:bg-accent hover:text-accent-foreground h-10 px-4 py-2"
                href="/about"
              >
                About us
              </a>
              <a
                class="mx-3 inline-flex items-center justify-center whitespace-nowrap rounded-md text-sm font-medium ring-offset-background transition-colors focus-visible:outline-none focus-visible:ring-2 focus-visible:ring-ring focus-visible:ring-offset-2 disabled:pointer-events-none disabled:opacity-50 hover:bg-accent hover:text-accent-foreground h-10 px-4 py-2"
                href="/signin"
              >
                Sign up
              </a>
              <a
                class="inline-flex items-center justify-center whitespace-nowrap rounded-md text-sm font-medium ring-offset-background transition-colors focus-visible:outline-none focus-visible:ring-2 focus-visible:ring-ring focus-visible:ring-offset-2 disabled:pointer-events-none disabled:opacity-50 bg-secondary text-secondary-foreground hover:bg-secondary/80 h-10 px-4 py-2"
                href="/signup"
              >
                Get started
              </a>
            </ul>
          </li>
        </div>
      </div>
      <div
        class="my-40 flex flex-col items-center text-center"
      >
        <h1
          class="text-3xl md:text-5xl font-extrabold"
        >
          Leap, Laugh, and Share on SillyFrog! üê∏
        </h1>
        <p
          class="text-gray-800 my-12 text-sm sm:text-base md:w-[620px]"
        >
          SillyFrog is the place to leap into laughter and share your funniest moments. Connect with a community that loves to laugh as much as you do.
        </p>
        <div>
          <a
            class="mr-3 inline-flex items-center justify-center whitespace-nowrap rounded-md text-sm font-medium ring-offset-background transition-colors focus-visible:outline-none focus-visible:ring-2 focus-visible:ring-ring focus-visible:ring-offset-2 disabled:pointer-events-none disabled:opacity-50 border border-input bg-background hover:bg-accent hover:text-accent-foreground h-10 px-4 py-2"
            href="/signin"
          >
            Sign in
          </a>
          <a
            href="/signup"
          >
            <button
              class="inline-flex items-center justify-center whitespace-nowrap rounded-md text-sm font-medium ring-offset-background transition-colors focus-visible:outline-none focus-visible:ring-2 focus-visible:ring-ring focus-visible:ring-offset-2 disabled:pointer-events-none disabled:opacity-50 bg-primary text-primary-foreground hover:bg-primary/90 h-10 px-4 py-2"
            >
               
              Get Started
               
              <div
                class="ml-2"
              >
                <svg
                  class="lucide lucide-move-right"
                  fill="none"
                  height="24"
                  stroke="currentColor"
                  stroke-linecap="round"
                  stroke-linejoin="round"
                  stroke-width="2"
                  viewBox="0 0 24 24"
                  width="24"
                  xmlns="http://www.w3.org/2000/svg"
                >
                  <path
                    d="M18 8L22 12L18 16"
                  />
                  <path
                    d="M2 12H22"
                  />
                </svg>
              </div>
            </button>
          </a>
        </div>
      </div>
    </div>
  </main>
</div>
`;
